CCN,State,Ownership Type,I_001_02_DENOMINATOR,I_001_02_NUMERATOR,I_001_02_OBS_RATE,All other conditions,"Hip or knee replacement, amputation or other bone or joint condition"
01T033,AL,Government,428.0,2.0,0.5,104,94
